// Jest Snapshot v1, https://goo.gl/fbAQLP

exports[`works 1`] = `
"\\"use strict\\";

/**
 * Some description
 */
function get(object, path) {
  return object[path];
}

get.__docz = {
  jsdoc: {
    \\"comment\\": \\"/**\\\\n * Some description\\\\n */\\",
    \\"meta\\": {
      \\"range\\": [28, 81],
      \\"filename\\": \\"example.js\\",
      \\"lineno\\": 4,
      \\"columnno\\": 0,
      \\"path\\": \\"/Users/marcelopiva/workspace/babel-plugin-docz/tests/fixtures\\",
      \\"code\\": {
        \\"id\\": \\"astnode100000002\\",
        \\"name\\": \\"get\\",
        \\"type\\": \\"FunctionDeclaration\\",
        \\"paramnames\\": [\\"object\\", \\"path\\"]
      }
    },
    \\"description\\": \\"Some description\\",
    \\"name\\": \\"get\\",
    \\"longname\\": \\"get\\",
    \\"kind\\": \\"function\\",
    \\"scope\\": \\"global\\",
    \\"params\\": []
  }
};"
`;
